|aastha.rajpal||||status|1|update
|abhishek.bhatt||||status|1|update
|ajeet.kumar||||status|1|update
|amita.goyal||||status|1|update
|amol.gawande||||status|1|update
|angat.dhanjal||||status|1|update
|ankit.srivastava||||status|1|update
|anuj.kumar||||status|1|update
|aryamn.saini||||status|1|update
|atmaram.bhosale||||status|1|update
|avinash.narode||||status|1|update
|bepala.sudheer||||status|1|update
|bismaya.ranjan||||status|1|update
|chaudhari.rahul||||status|1|update
|deepak.kumar||||status|1|update
|deepak.thampy||||status|1|update
|devendra.bisht||||status|1|update
|devvrata.sharma||||status|1|update
|gurunath.swami||||status|1|update
|harsh.negi||||status|1|update
|laxmidhar.barik||||status|1|update
|mahesh.malviya||||status|1|update
|nafis.akhter||||status|1|update
|navnath.ghonge||||status|1|update
|nitin.johnson||||status|1|update
|nootan.sharma||||status|1|update
|om.parkash||||status|1|update
|prashant.gera||||status|1|update
|rahul.kamble||||status|1|update
|rahul.pharswan||||status|1|update
|raj.deep||||status|1|update
|rajesh.raul||||status|1|update
|rajiv.kaushik||||status|1|update
|ramakant.dubey||||status|1|update
|rhea.malvai||||status|1|update
|richa.garg||||status|1|update
|richika.tyagi||||status|1|update
|ritesh.mahanta||||status|1|update
|rohit.kale||||status|1|update
|sabitabrata.mandal||||status|1|update
|santosh.dhus||||status|1|update
|saroj.jena||||status|1|update
|satyabrata.behera||||status|1|update
|shakir.ali||||status|1|update
|shashank.shah||||status|1|update
|suman.das||||status|1|update
|sumit.mahto||||status|1|update
|swati.aggarwal||||status|1|update
|umesh.joshi||||status|1|update
|venkata.ashok||||status|1|update
|vikas.thapliyal||||status|1|update
|vineeta.dangla||||status|1|update

























































































































































































































































































































































































































































































































































































































































































































































































































































































































































